                         :-)  G  R  O  M  A  C  S  (-:

               Gromacs Runs One Microsecond At Cannonball Speeds

                            :-)  VERSION 4.5.5  (-:

        Written by Emile Apol, Rossen Apostolov, Herman J.C. Berendsen,
      Aldert van Buuren, PÃ¤r Bjelkmar, Rudi van Drunen, Anton Feenstra, 
        Gerrit Groenhof, Peter Kasson, Per Larsson, Pieter Meulenhoff, 
           Teemu Murtola, Szilard Pall, Sander Pronk, Roland Schulz, 
                Michael Shirts, Alfons Sijbers, Peter Tieleman,

               Berk Hess, David van der Spoel, and Erik Lindahl.

       Copyright (c) 1991-2000, University of Groningen, The Netherlands.
            Copyright (c) 2001-2010, The GROMACS development team at
        Uppsala University & The Royal Institute of Technology, Sweden.
            check out http://www.gromacs.org for more information.

         This program is free software; you can redistribute it and/or
          modify it under the terms of the GNU General Public License
         as published by the Free Software Foundation; either version 2
             of the License, or (at your option) any later version.

                                :-)  trjcat  (-:

Option     Filename  Type         Description
------------------------------------------------------------
  -f /Users/grantrotskoff/cpc-run/test/run/runs/mdrun_2/_persistence/run_001/traj.part0001.xtc  Input, Mult. Trajectory: xtc trr trj gro g96 pdb cpt
  -o /Users/grantrotskoff/cpc-run/test/run/runs/mdrun_2/_run_0000/traj.xtc 
                                   Output, Mult. Trajectory: xtc trr trj gro
                                   g96 pdb
  -n      index.ndx  Input, Opt.  Index file
-demux     remd.xvg  Input, Opt.  xvgr/xmgr file

Option       Type   Value   Description
------------------------------------------------------
-[no]h       bool   no      Print help info and quit
-[no]version bool   no      Print version info and quit
-nice        int    19      Set the nicelevel
-tu          enum   ps      Time unit: fs, ps, ns, us, ms or s
-xvg         enum   xmgrace  xvg plot formatting: xmgrace, xmgr or none
-b           time   -1      First time to use (ps)
-e           time   -1      Last time to use (ps)
-dt          time   0       Only write frame when t MOD dt = first time (ps)
-prec        int    3       Precision for .xtc and .gro writing in number of
                            decimal places
-[no]vel     bool   yes     Read and write velocities if possible
-[no]settime bool   no      Change starting time interactively
-[no]sort    bool   yes     Sort trajectory files (not frames)
-[no]keeplast  bool no      Keep overlapping frames at end of trajectory
-[no]overwrite bool no      Overwrite overlapping frames during appending
-[no]cat     bool   no      Do not discard double time frames

Reading frame       0 time    0.000   Reading frame       1 time    0.100   

Summary of files and start times used:

          File                Start time       Time step
---------------------------------------------------------
/Users/grantrotskoff/cpc-run/test/run/runs/mdrun_2/_persistence/run_001/traj.part0001.xtc        0.000 ps        0.100 ps

Reading frame       0 time    0.000   
Continue writing frames from /Users/grantrotskoff/cpc-run/test/run/runs/mdrun_2/_persistence/run_001/traj.part0001.xtc t=0 ps, frame=0      
 ->  frame      0 time    0.000 ps     Reading frame       1 time    0.100    ->  frame      1 time    0.100 ps     Reading frame       2 time    0.200    ->  frame      2 time    0.200 ps     Reading frame       3 time    0.300    ->  frame      3 time    0.300 ps     Reading frame       4 time    0.400    ->  frame      4 time    0.400 ps     Reading frame       5 time    0.500    ->  frame      5 time    0.500 ps     Reading frame       6 time    0.600    ->  frame      6 time    0.600 ps     Reading frame       7 time    0.700    ->  frame      7 time    0.700 ps     Reading frame       8 time    0.800    ->  frame      8 time    0.800 ps     Reading frame       9 time    0.900    ->  frame      9 time    0.900 ps     Reading frame      10 time    1.000    ->  frame     10 time    1.000 ps     Reading frame      11 time    1.100   Reading frame      12 time    1.200   Reading frame      13 time    1.300   Reading frame      14 time    1.400   Reading frame      15 time    1.500   Reading frame      16 time    1.600   Reading frame      17 time    1.700   Reading frame      18 time    1.800   Reading frame      19 time    1.900   Reading frame      20 time    2.000    ->  frame     20 time    2.000 ps     Reading frame      30 time    3.000    ->  frame     30 time    3.000 ps     Reading frame      40 time    4.000    ->  frame     40 time    4.000 ps     Reading frame      50 time    5.000    ->  frame     50 time    5.000 ps     Reading frame      60 time    6.000    ->  frame     60 time    6.000 ps     Reading frame      70 time    7.000    ->  frame     70 time    7.000 ps     Reading frame      80 time    8.000    ->  frame     80 time    8.000 ps     Reading frame      90 time    9.000    ->  frame     90 time    9.000 ps     Reading frame     100 time   10.000    ->  frame    100 time   10.000 ps     Last frame        100 time   10.000   

Last frame written was 100, time 10.000000 ps

gcq#360: "There's no way you can rely on an experiment" (Gerrit Groenhof)


